// Jest Snapshot v1, https://goo.gl/fbAQLP

exports[`htmlComments.melody.twig 1`] = `
<!-- I am a comment -->
This is a paragraph

<!-- I am a second comment -->

Another paragraph

<!-- I am a third comment -->


A third paragraph

<!-- This is the story of a little lamb 
     that gets lost in a dark forest and
     struggles to find home -->
~~~~~~~~~~~~~~~~~~~~~~~~~~~~~~~~~~~~~~~~~~~~~~~~~~~~~~~~~~~~~~~~~~~~~~~~~~~~~~~~
<!-- I am a comment -->
This is a paragraph

<!-- I am a second comment -->

Another paragraph

<!-- I am a third comment -->

A third paragraph

<!--  This is the story of a little lamb 
     that gets lost in a dark forest and
     struggles to find home  -->

`;

exports[`twig-comment-with-at-symbols.melody.twig 1`] = `
{#
 # Test for @ symbols in Twig comments
 #
 # @package   test-package
 # @since     1.0.0
 # @author    test-author
 #}
~~~~~~~~~~~~~~~~~~~~~~~~~~~~~~~~~~~~~~~~~~~~~~~~~~~~~~~~~~~~~~~~~~~~~~~~~~~~~~~~
{#
 # Test for @ symbols in Twig comments
 #
 # @package   test-package
 # @since     1.0.0
 # @author    test-author
 #}

`;

exports[`twigComments.melody.twig 1`] = `
{# One #}

{# Two #}

{#comment #}

{# comment#}

{# comment
#}

{% if searchResultFailing %}
            {# This is a Twig comment #}
<li>No results found</li>
{% endif %}

{#- comment -#}

{#-
    comment
    with multiple lines
-#}

{##
# Illustration Hotel Interaction
#
# This image is just of decorative nature and doesn't contain relevant information
# for visually impaired users.
#}
~~~~~~~~~~~~~~~~~~~~~~~~~~~~~~~~~~~~~~~~~~~~~~~~~~~~~~~~~~~~~~~~~~~~~~~~~~~~~~~~
{# One #}

{# Two #}

{# comment #}

{# comment #}

{# comment
#}

{% if searchResultFailing %}
    {# This is a Twig comment #}
    <li>No results found</li>
{% endif %}

{#- comment -#}

{#-
    comment
    with multiple lines
-#}

{##
# Illustration Hotel Interaction
#
# This image is just of decorative nature and doesn't contain relevant information
# for visually impaired users.
#}

`;
